2019-04-17-02-30-51:: err clear: /storage/emulated/0/keepass//storage/emulated/0/keepass/keepass.kdbx:: rm: /storage/emulated/0/keepass//storage/emulated/0/keepass/keepass.kdbx: No such file or directory

