04-17 10:30:34.548 21257 21257 I fixeh   : Generating GeneralControlPolicy from local config

04-17 10:30:34.548 21257 21257 I fixeh   : Enter policy is GeneralControlPolicy {limit: -1, exclude: false, packages: null, classes: null, methods: null, pattern: null method patterns:null} expections: {java.io.IOException}, expectionsPattern: null,expectionStackRepeat: {(java.io.IOException,-1)} filterpackages: null filterclasses: null filtermethodss: null filterstackkeywords: null

04-17 10:30:34.548 21257 21257 I fixeh   : find local dir!

04-17 10:30:34.548 21257 21257 I fixeh   : find tmp dir!

04-17 10:30:34.548 21257 21257 I fixeh   : find fixeh-p!!

04-17 10:30:34.549 21257 21257 I fixeh   : Start watching config file /data/local/tmp/fixeh-policy.xml

04-17 10:30:34.606 21257 21257 I fixeh   : XMLCONTROLLER::entering(0) java.io.File: boolean exists() with exception java.lang.SecurityException and such exception entering(0)

04-17 10:30:34.606 21257 21257 I fixeh   : passing on java.io.File: boolean exists()

04-17 10:30:35.521 21257 21257 I fixeh   : XMLCONTROLLER::entering(1) java.io.File: boolean exists() with exception java.lang.SecurityException and such exception entering(1)

04-17 10:30:35.521 21257 21257 I fixeh   : passing on java.io.File: boolean exists()

04-17 10:30:35.522 21257 21257 I fixeh   : XMLCONTROLLER::entering(2) java.io.File: boolean exists() with exception java.lang.SecurityException and such exception entering(2)

04-17 10:30:35.522 21257 21257 I fixeh   : passing on java.io.File: boolean exists()

04-17 10:30:35.522 21257 21257 I fixeh   : XMLCONTROLLER::entering(0) java.io.File: boolean isDirectory() with exception java.lang.SecurityException and such exception entering(3)

04-17 10:30:35.522 21257 21257 I fixeh   : passing on java.io.File: boolean isDirectory()

04-17 10:30:35.522 21257 21257 I fixeh   : XMLCONTROLLER::entering(3) java.io.File: boolean exists() with exception java.lang.SecurityException and such exception entering(4)

04-17 10:30:35.522 21257 21257 I fixeh   : passing on java.io.File: boolean exists()

04-17 10:30:35.522 21257 21257 I fixeh   : XMLCONTROLLER::entering(0) java.io.File: boolean createNewFile() with exception java.io.IOException and such exception entering(0)

04-17 10:30:35.522 21257 21257 I fixeh   : triggering exception on java.io.File: boolean createNewFile()

04-17 10:30:35.522 21257 21257 I fixeh   : java.io.IOException: 

04-17 10:30:35.522 21257 21257 I fixeh   : 	at com.keepassdroid.fileselect.FileSelectActivity.createFile(FileSelectActivity.java:119)

04-17 10:30:35.522 21257 21257 I fixeh   : 	at com.keepassdroid.fileselect.FileSelectActivity.access$000(FileSelectActivity.java:78)

04-17 10:30:35.522 21257 21257 I fixeh   : 	at com.keepassdroid.fileselect.FileSelectActivity$3.onClick(FileSelectActivity.java:215)

04-17 10:30:35.522 21257 21257 I fixeh   : 	at android.view.View.performClick(View.java:6291)

04-17 10:30:35.522 21257 21257 I fixeh   : 	at android.view.View$PerformClick.run(View.java:24931)

04-17 10:30:35.522 21257 21257 I fixeh   : 	at android.os.Handler.handleCallback(Handler.java:808)

04-17 10:30:35.522 21257 21257 I fixeh   : 	at android.os.Handler.dispatchMessage(Handler.java:101)

04-17 10:30:35.522 21257 21257 I fixeh   : 	at android.os.Looper.loop(Looper.java:166)

04-17 10:30:35.522 21257 21257 I fixeh   : 	at android.app.ActivityThread.main(ActivityThread.java:7529)

04-17 10:30:35.522 21257 21257 I fixeh   : 	at java.lang.reflect.Method.invoke(Native Method)

04-17 10:30:35.522 21257 21257 I fixeh   : 	at com.android.internal.os.Zygote$MethodAndArgsCaller.run(Zygote.java:245)

04-17 10:30:35.522 21257 21257 I fixeh   : 	at com.android.internal.os.ZygoteInit.main(ZygoteInit.java:921)

04-17 10:30:34.548 21257 21257 I fixeh   : Generating GeneralControlPolicy from local config

04-17 10:30:34.548 21257 21257 I fixeh   : Enter policy is GeneralControlPolicy {limit: -1, exclude: false, packages: null, classes: null, methods: null, pattern: null method patterns:null} expections: {java.io.IOException}, expectionsPattern: null,expectionStackRepeat: {(java.io.IOException,-1)} filterpackages: null filterclasses: null filtermethodss: null filterstackkeywords: null

04-17 10:30:34.548 21257 21257 I fixeh   : find local dir!

04-17 10:30:34.548 21257 21257 I fixeh   : find tmp dir!

04-17 10:30:34.548 21257 21257 I fixeh   : find fixeh-p!!

04-17 10:30:34.549 21257 21257 I fixeh   : Start watching config file /data/local/tmp/fixeh-policy.xml

04-17 10:30:34.606 21257 21257 I fixeh   : XMLCONTROLLER::entering(0) java.io.File: boolean exists() with exception java.lang.SecurityException and such exception entering(0)

04-17 10:30:34.606 21257 21257 I fixeh   : passing on java.io.File: boolean exists()

04-17 10:30:35.521 21257 21257 I fixeh   : XMLCONTROLLER::entering(1) java.io.File: boolean exists() with exception java.lang.SecurityException and such exception entering(1)

04-17 10:30:35.521 21257 21257 I fixeh   : passing on java.io.File: boolean exists()

04-17 10:30:35.522 21257 21257 I fixeh   : XMLCONTROLLER::entering(2) java.io.File: boolean exists() with exception java.lang.SecurityException and such exception entering(2)

04-17 10:30:35.522 21257 21257 I fixeh   : passing on java.io.File: boolean exists()

04-17 10:30:35.522 21257 21257 I fixeh   : XMLCONTROLLER::entering(0) java.io.File: boolean isDirectory() with exception java.lang.SecurityException and such exception entering(3)

04-17 10:30:35.522 21257 21257 I fixeh   : passing on java.io.File: boolean isDirectory()

04-17 10:30:35.522 21257 21257 I fixeh   : XMLCONTROLLER::entering(3) java.io.File: boolean exists() with exception java.lang.SecurityException and such exception entering(4)

04-17 10:30:35.522 21257 21257 I fixeh   : passing on java.io.File: boolean exists()

04-17 10:30:35.522 21257 21257 I fixeh   : XMLCONTROLLER::entering(0) java.io.File: boolean createNewFile() with exception java.io.IOException and such exception entering(0)

04-17 10:30:35.522 21257 21257 I fixeh   : triggering exception on java.io.File: boolean createNewFile()

04-17 10:30:35.522 21257 21257 I fixeh   : java.io.IOException: 

04-17 10:30:35.522 21257 21257 I fixeh   : 	at com.keepassdroid.fileselect.FileSelectActivity.createFile(FileSelectActivity.java:119)

04-17 10:30:35.522 21257 21257 I fixeh   : 	at com.keepassdroid.fileselect.FileSelectActivity.access$000(FileSelectActivity.java:78)

04-17 10:30:35.522 21257 21257 I fixeh   : 	at com.keepassdroid.fileselect.FileSelectActivity$3.onClick(FileSelectActivity.java:215)

04-17 10:30:35.522 21257 21257 I fixeh   : 	at android.view.View.performClick(View.java:6291)

04-17 10:30:35.522 21257 21257 I fixeh   : 	at android.view.View$PerformClick.run(View.java:24931)

04-17 10:30:35.522 21257 21257 I fixeh   : 	at android.os.Handler.handleCallback(Handler.java:808)

04-17 10:30:35.522 21257 21257 I fixeh   : 	at android.os.Handler.dispatchMessage(Handler.java:101)

04-17 10:30:35.522 21257 21257 I fixeh   : 	at android.os.Looper.loop(Looper.java:166)

04-17 10:30:35.522 21257 21257 I fixeh   : 	at android.app.ActivityThread.main(ActivityThread.java:7529)

04-17 10:30:35.522 21257 21257 I fixeh   : 	at java.lang.reflect.Method.invoke(Native Method)

04-17 10:30:35.522 21257 21257 I fixeh   : 	at com.android.internal.os.Zygote$MethodAndArgsCaller.run(Zygote.java:245)

04-17 10:30:35.522 21257 21257 I fixeh   : 	at com.android.internal.os.ZygoteInit.main(ZygoteInit.java:921)

